EACCES          : Access
EAFNOSUPPORT    : Address_Family_Unsupported
EADDRINUSE      : Address_In_Use
EADDRNOTAVAIL   : Address_Unavailable
E2BIG           : Arguments_Too_Long
EFAULT          : Bad_Address
EBADF           : Bad_FD
EBADMSG         : Bad_Message
EPIPE           : Broken_Pipe
ENOBUFS         : Buffer_Space_Exhausted
ECONNABORTED    : Connection_Aborted
ENETRESET       : Connection_Aborted_By_Network
EALREADY        : Connection_In_Progress
ECONNREFUSED    : Connection_Refused
ECONNRESET      : Connection_Reset
ETIMEDOUT       : Connection_Timed_Out
EXDEV           : Cross_Device_Link
EDEADLK         : Deadlock
EDESTADDRREQ    : Destination_Address_Required
ENXIO           : Device_Not_Configured
ENOSPC          : Device_Space_Exhausted
ENOTEMPTY       : Directory_Not_Empty
ENOEXEC         : Executable_Format
EEXIST          : File_Exists
EFBIG           : File_Too_Large
EHOSTUNREACH    : Host_Unreachable
EIDRM           : Identifier_Removed
EILSEQ          : Illegal_Byte_Sequence
ENOTTY          : Inappropriate_IO_Control
EPROTOTYPE      : Incorrect_Protocol_Type
EINTR           : Interrupted
EINVAL          : Invalid_Argument
ESPIPE          : Invalid_Seek
EIO             : IO
EISDIR          : Is_Directory
ENOLINK         : Link_Severed
EMSGSIZE        : Message_Too_Large
EMULTIHOP       : Multihop_Attempted
ENAMETOOLONG    : Name_Too_Long
ENETDOWN        : Network_Is_Down
ENETUNREACH     : Network_Unreachable
ECHILD          : No_Child_Processes
ENOLCK          : No_Locks_Available
ENOMSG          : No_Message_Of_Type
ENODATA         : No_Stream_Message_Available
ENOSR           : No_Stream_Resources
ENODEV          : No_Such_Device
ENOENT          : No_Such_File_Or_Directory
ESRCH           : No_Such_Process
ENOTDIR         : Not_A_Directory
ENOTSOCK        : Not_A_Socket
ENOSTR          : Not_A_Stream
ENOTSUP         : Not_Supported
ECANCELED       : Operation_Canceled
EINPROGRESS     : Operation_In_Progress
EPERM           : Operation_Not_Permitted
EDOM            : Out_Of_Domain
ENOMEM          : Out_Of_Memory
ERANGE          : Out_Of_Range
EPROTO          : Protocol_Error
EPROTONOSUPPORT : Protocol_Not_Supported
ENOPROTOOPT     : Protocol_Unavailable
EDQUOT          : Quota_Exceeded
EROFS           : Read_Only_File_System
EBUSY           : Resource_Busy
EISCONN         : Socket_Connected
ENOTCONN        : Socket_Not_Connected
EOPNOTSUPP      : Socket_Operation_Not_Supported
ESTALE          : Stale_NFS_File_Handle
ENOSYS          : System_Call_Not_Supported
ETXTBSY         : Text_File_Busy
ETIME           : Timer_Expired
ENFILE          : Too_Many_Files_Open_In_System
EMLINK          : Too_Many_Links
EMFILE          : Too_Many_Open_Files
ELOOP           : Too_Many_Symbolic_Links
EOVERFLOW       : Value_Too_Large
EAGAIN          : Would_Block
