_POSIX_ASYNCHRONOUS_IO            : Asynchronous_IO                :
_POSIX_BARRIERS                   : Barriers                       :
_POSIX_CLOCK_SELECTION            : Clock_Selection                :
_POSIX_MAPPED_FILES               : Mapped_Files                   :
_POSIX_MEMORY_PROTECTION          : Memory_Protection              :
_POSIX_READER_WRITER_LOCKS        : Reader_Writer_Locks            :
_POSIX_REALTIME_SIGNALS           : Realtime_Signals               :
_POSIX_SEMAPHORES                 : Semaphores                     :
_POSIX_SPIN_LOCKS                 : Spin_Locks                     :
_POSIX_THREAD_SAFE_FUNCTIONS      : Thread_Safe_Functions          :
_POSIX_THREADS                    : Threads                        :
_POSIX_TIMEOUTS                   : Timeouts                       :
_POSIX_TIMERS                     : Timers                         :
_POSIX_JOB_CONTROL                : Job_Control                    :
_POSIX_SAVED_IDS                  : Saved_IDs                      :
_POSIX_VDISABLE                   : V_Disable                      :
_POSIX_ADVISORY_INFO              : Advisory_Info                  :
_POSIX_CPUTIME                    : CPU_Time                       :
_POSIX_FSYNC                      : FSync                          :
_POSIX_IPV6                       : IPV6                           :
_POSIX_MEMLOCK                    : Memory_Lock                    :
_POSIX_MEMLOCK_RANGE              : Memory_Lock_Range              :
_POSIX_MESSAGE_PASSING            : Message_Passing                :
_POSIX_MONOTONIC_CLOCK            : Monotonic_Clock                :
_POSIX_PRIORITIZED_IO             : Prioritized_IO                 :
_POSIX_PRIORITY_SCHEDULING        : Priority_Scheduling            :
_POSIX_RAW_SOCKETS                : Raw_Sockets                    :
_POSIX_SHARED_MEMORY_OBJECTS      : Shared_Memory_Objects          :
_POSIX_SPAWN                      : Spawn                          :
_POSIX_SPORADIC_SERVER            : Sporadic_Server                :
_POSIX_SYNCHRONIZED_IO            : Synchronized_IO                :
_POSIX_THREAD_ATTR_STACKADDR      : Thread_Attribute_Stack_Address :
_POSIX_THREAD_CPUTIME             : Thread_Attribute_CPU_Time      :
_POSIX_THREAD_ATTR_STACKSIZE      : Thread_Attribute_Stack_Size    :
_POSIX_THREAD_PRIO_INHERIT        : Thread_Priority_Inherit        :
_POSIX_THREAD_PRIO_PROTECT        : Thread_Priority_Protect        :
_POSIX_THREAD_PRIORITY_SCHEDULING : Thread_Priority_Scheduling     :
_POSIX_THREAD_PROCESS_SHARED      : Thread_Process_Shared          :
_POSIX_THREAD_SPORADIC_SERVER     : Thread_Sporadic_Server         :
_POSIX_TRACE                      : Trace                          :
_POSIX_TRACE_EVENT_FILTER         : Trace_Event_Filter             :
_POSIX_TRACE_INHERIT              : Trace_Inherit                  :
_POSIX_TRACE_LOG                  : Trace_Log                      :
_POSIX_TYPED_MEMORY_OBJECTS       : Typed_Memory_Objects           :
_XOPEN_CRYPT                      : XOPEN_Crypt                    :
_XOPEN_REALTIME                   : XOPEN_Realtime                 :
_XOPEN_REALTIME_THREADS           : XOPEN_Realtime_Threads         :
_XOPEN_STREAMS                    : XOPEN_Streams                  :
_XOPEN_UNIX                       : XOPEN_UNIX                     :
